Jul 31 10:12:43 amo kernel: amdgpu 0000:c3:00.0: [drm] *ERROR* dc_dmub_srv_log_diagnostic_data: DMCUB error - collecting diagnostic data
Jul 31 10:12:43 amo kernel: amdgpu 0000:c3:00.0: [drm] *ERROR* Error queueing DMUB command: status=2
Jul 31 10:12:43 amo kernel: amdgpu 0000:c3:00.0: [drm] *ERROR* dc_dmub_srv_log_diagnostic_data: DMCUB error - collecting diagnostic data
Jul 31 10:12:43 amo kernel: amdgpu 0000:c3:00.0: [drm] *ERROR* Error queueing DMUB command: status=2
Jul 31 10:12:43 amo kernel: amdgpu 0000:c3:00.0: [drm] *ERROR* dc_dmub_srv_log_diagnostic_data: DMCUB error - collecting diagnostic data
Jul 31 10:12:44 amo kernel: amdgpu 0000:c3:00.0: [drm] *ERROR* Error queueing DMUB command: status=2
Jul 31 10:12:44 amo kernel: amdgpu 0000:c3:00.0: [drm] *ERROR* dc_dmub_srv_log_diagnostic_data: DMCUB error - collecting diagnostic data
Jul 31 10:12:44 amo kernel: amdgpu 0000:c3:00.0: [drm] *ERROR* Error queueing DMUB command: status=2
Jul 31 10:12:44 amo kernel: amdgpu 0000:c3:00.0: [drm] *ERROR* dc_dmub_srv_log_diagnostic_data: DMCUB error - collecting diagnostic data
Jul 31 10:12:44 amo kernel: amdgpu 0000:c3:00.0: [drm] *ERROR* Error queueing DMUB command: status=2
Jul 31 10:12:44 amo kernel: amdgpu 0000:c3:00.0: [drm] *ERROR* dc_dmub_srv_log_diagnostic_data: DMCUB error - collecting diagnostic data
Jul 31 10:12:45 amo kernel: amdgpu 0000:c3:00.0: [drm] *ERROR* Error queueing DMUB command: status=2
Jul 31 10:12:45 amo kernel: amdgpu 0000:c3:00.0: [drm] *ERROR* dc_dmub_srv_log_diagnostic_data: DMCUB error - collecting diagnostic data
Jul 31 10:12:45 amo kernel: amdgpu 0000:c3:00.0: [drm] *ERROR* Error queueing DMUB command: status=2
Jul 31 10:12:45 amo kernel: amdgpu 0000:c3:00.0: [drm] *ERROR* dc_dmub_srv_log_diagnostic_data: DMCUB error - collecting diagnostic data
Jul 31 10:12:55 amo kernel: amdgpu 0000:c3:00.0: [drm] *ERROR* [CRTC:364:crtc-0] flip_done timed out
Jul 31 10:13:06 amo kernel: amdgpu 0000:c3:00.0: [drm] *ERROR* flip_done timed out
Jul 31 10:13:06 amo kernel: amdgpu 0000:c3:00.0: [drm] *ERROR* [CRTC:364:crtc-0] commit wait timed out
Jul 31 10:13:11 amo kernel: sysrq: This sysrq operation is disabled.
Jul 31 10:13:13 amo kernel: sysrq: This sysrq operation is disabled.
Jul 31 10:13:15 amo kernel: sysrq: This sysrq operation is disabled.
Jul 31 10:13:16 amo kernel: amdgpu 0000:c3:00.0: [drm] *ERROR* flip_done timed out
Jul 31 10:13:16 amo kernel: amdgpu 0000:c3:00.0: [drm] *ERROR* [PLANE:202:plane-3] commit wait timed out
Jul 31 10:13:16 amo kernel: ------------[ cut here ]------------
Jul 31 10:13:16 amo kernel: WARNING: drivers/gpu/drm/amd/amdgpu/../display/amdgpu_dm/amdgpu_dm.c:10181 at amdgpu_dm_commit_planes+0x10bc/0x1620 [amdgpu], CPU#8: kworker/8:0/100574
Jul 31 10:13:16 amo kernel: Modules linked in: hid_logitech_hidpp hid_logitech_dj ccm michael_mic snd_seq_dummy snd_hrtimer snd_seq_midi snd_seq_midi_event rfcomm snd_rawmidi snd_seq snd_seq_device cmac algif_hash algif_skcipher af_alg bnep intel_rapl_msr amd_atl intel_rapl_common edac_mce_amd kvm_amd binfmt_misc snd_soc_dmic snd_ps_pdm_dma snd_soc_ps_mach snd_sof_amd_acp70 qrtr_mhi snd_sof_amd_acp63 cdc_mbim cdc_wdm snd_sof_amd_vangogh kvm snd_sof_amd_rembrandt cdc_ncm cdc_ether snd_sof_amd_renoir snd_sof_amd_acp usbnet nls_iso8859_1 spd5118 snd_sof_pci irqbypass btusb snd_sof_xtensa_dsp btmtk snd_sof rapl snd_sof_utils btrtl btbcm amdgpu think_lmi snd_pci_ps btintel uvcvideo snd_soc_acpi_amd_match videobuf2_vmalloc snd_soc_acpi_amd_sdca_quirks snd_amd_sdw_acpi soundwire_amd r8152 snd_hda_codec_alc269 uvc firmware_attributes_class mii wmi_bmof soundwire_generic_allocation snd_hda_codec_realtek_lib videobuf2_memops soundwire_bus qrtr bluetooth snd_hda_scodec_component videobuf2_v4l2 snd_hda_codec_generic snd_soc_sdca videobuf2_common
Jul 31 10:13:16 amo kernel:  videodev snd_soc_core amdxdna ath11k_pci snd_ctl_led mc snd_hda_codec_atihdmi amd_pmf ath11k snd_compress snd_hda_codec_hdmi amdtee qmi_helpers ac97_bus amdxcp snd_pcm_dmaengine amd_sfh thinkpad_acpi snd_rpl_pci_acp6x tee drm_panel_backlight_quirks snd_acp_pci drm_buddy snd_hda_intel drm_ttm_helper snd_amd_acpi_mach gpu_sched nvram mac80211 ttm snd_acp_legacy_common snd_hda_codec drm_exec drm_suballoc_helper snd_pci_acp6x snd_hda_core snd_pci_acp5x cfg80211 snd_intel_dspcfg drm_display_helper snd_rn_pci_acp3x i2c_piix4 snd_acp_config snd_intel_sdw_acpi cec snd_hwdep mhi libarc4 snd_soc_acpi snd_pcm i2c_smbus rc_core i2c_algo_bit amd_pmc k10temp snd_timer snd_pci_acp3x joydev input_leds mac_hid sch_fq_codel efi_pstore nfnetlink usbhid ucsi_acpi typec_ucsi typec snd hid_multitouch soundcore hid_generic nvme platform_profile ghash_clmulni_intel psmouse sparse_keymap nvme_core i2c_hid_acpi video nvme_keyring ccp i2c_hid thunderbolt nvme_auth hid hkdf wmi serio_raw lp ppdev msr parport dmi_sysfs autofs4
Jul 31 10:13:16 amo kernel:  aesni_intel
Jul 31 10:13:16 amo kernel: CPU: 8 UID: 0 PID: 100574 Comm: kworker/8:0 Tainted: G        W           7.0.0-28-generic #28-Ubuntu PREEMPT(lazy) 
Jul 31 10:13:16 amo kernel: Tainted: [W]=WARN
Jul 31 10:13:16 amo kernel: Hardware name: LENOVO 21F8CTO1WW/21F8CTO1WW, BIOS R2EET43W (1.24 ) 01/21/2025
Jul 31 10:13:16 amo kernel: Workqueue: events drm_fb_helper_damage_work
Jul 31 10:13:16 amo kernel: RIP: 0010:amdgpu_dm_commit_planes+0x10bc/0x1620 [amdgpu]
Jul 31 10:13:16 amo kernel: Code: 48 89 c2 48 89 45 90 e8 c2 47 ff ff 4c 8b 9d 78 ff ff ff e9 c2 f9 ff ff 31 c9 48 85 d2 0f 85 cb fe ff ff e9 bf f8 ff ff 0f 0b <0f> 0b e9 f7 fe ff ff 0f 0b e9 0f ff ff ff 48 8b 45 88 be 01 00 00
Jul 31 10:13:16 amo kernel: RSP: 0018:ffffd4dc0a7c7940 EFLAGS: 00010002
Jul 31 10:13:16 amo kernel: RAX: 0000000000000246 RBX: 0000000000000246 RCX: 0000000000000000
Jul 31 10:13:16 amo kernel: RDX: 0000000000000000 RSI: 0000000000000000 RDI: 0000000000000000
Jul 31 10:13:16 amo kernel: RBP: ffffd4dc0a7c7a40 R08: 0000000000000000 R09: 0000000000000002
Jul 31 10:13:16 amo kernel: R10: 0000000000000000 R11: 0000000000000000 R12: ffff8e23b8345a88
Jul 31 10:13:16 amo kernel: R13: 0000000000000000 R14: ffff8e23b6d33000 R15: ffff8e23a8371200
Jul 31 10:13:16 amo kernel: FS:  0000000000000000(0000) GS:ffff8e2aff9ff000(0000) knlGS:0000000000000000
Jul 31 10:13:16 amo kernel: CS:  0010 DS: 0000 ES: 0000 CR0: 0000000080050033
Jul 31 10:13:16 amo kernel: CR2: 00007edad9cd6ce8 CR3: 0000000102e44000 CR4: 0000000000f50ef0
Jul 31 10:13:16 amo kernel: PKRU: 55555554
Jul 31 10:13:16 amo kernel: Call Trace:
Jul 31 10:13:16 amo kernel:  <TASK>
Jul 31 10:13:16 amo kernel:  ? __entry_text_end+0x10253a/0x10253d
Jul 31 10:13:16 amo kernel:  amdgpu_dm_atomic_commit_tail+0x7c2/0xdf0 [amdgpu]
Jul 31 10:13:16 amo kernel:  ? srso_alias_return_thunk+0x5/0xfbef5
Jul 31 10:13:16 amo kernel:  ? dev_printk_emit+0x5d/0x8b
Jul 31 10:13:16 amo kernel:  ? srso_alias_return_thunk+0x5/0xfbef5
Jul 31 10:13:16 amo kernel:  ? __dev_printk+0x52/0x80
Jul 31 10:13:16 amo kernel:  ? srso_alias_return_thunk+0x5/0xfbef5
Jul 31 10:13:16 amo kernel:  ? _dev_err+0x7b/0xab
Jul 31 10:13:16 amo kernel:  commit_tail+0xc3/0x1b0
Jul 31 10:13:16 amo kernel:  ? srso_alias_return_thunk+0x5/0xfbef5
Jul 31 10:13:16 amo kernel:  ? drm_atomic_helper_swap_state+0x34b/0x410
Jul 31 10:13:16 amo kernel:  drm_atomic_helper_commit+0x153/0x190
Jul 31 10:13:16 amo kernel:  drm_atomic_commit+0xad/0xf0
Jul 31 10:13:16 amo kernel:  ? __pfx___drm_printfn_info+0x10/0x10
Jul 31 10:13:16 amo kernel:  drm_atomic_helper_dirtyfb+0x1d6/0x2c0
Jul 31 10:13:16 amo kernel:  amdgpu_dirtyfb+0x13/0x40 [amdgpu]
Jul 31 10:13:16 amo kernel:  drm_fbdev_ttm_helper_fb_dirty+0x166/0x1a4 [drm_ttm_helper]
Jul 31 10:13:16 amo kernel:  drm_fb_helper_damage_work+0xf2/0x1a0
Jul 31 10:13:16 amo kernel:  process_one_work+0x1ac/0x3d0
Jul 31 10:13:16 amo kernel:  worker_thread+0x1b8/0x360
Jul 31 10:13:16 amo kernel:  ? _raw_spin_lock_irqsave+0xe/0x20
Jul 31 10:13:16 amo kernel:  ? srso_alias_return_thunk+0x5/0xfbef5
Jul 31 10:13:16 amo kernel:  ? __pfx_worker_thread+0x10/0x10
Jul 31 10:13:16 amo kernel:  kthread+0xf7/0x130
Jul 31 10:13:16 amo kernel:  ? __pfx_kthread+0x10/0x10
Jul 31 10:13:16 amo kernel:  ret_from_fork+0x195/0x2a0
Jul 31 10:13:16 amo kernel:  ? __pfx_kthread+0x10/0x10
Jul 31 10:13:16 amo kernel:  ? __pfx_kthread+0x10/0x10
Jul 31 10:13:16 amo kernel:  ret_from_fork_asm+0x1a/0x30
Jul 31 10:13:16 amo kernel:  </TASK>
Jul 31 10:13:16 amo kernel: ---[ end trace 0000000000000000 ]---
Jul 31 10:13:16 amo kernel: ------------[ cut here ]------------
Jul 31 10:13:16 amo kernel: WARNING: drivers/gpu/drm/amd/amdgpu/../display/amdgpu_dm/amdgpu_dm.c:9567 at amdgpu_dm_commit_planes+0x10c3/0x1620 [amdgpu], CPU#8: kworker/8:0/100574
Jul 31 10:13:16 amo kernel: Modules linked in: hid_logitech_hidpp hid_logitech_dj ccm michael_mic snd_seq_dummy snd_hrtimer snd_seq_midi snd_seq_midi_event rfcomm snd_rawmidi snd_seq snd_seq_device cmac algif_hash algif_skcipher af_alg bnep intel_rapl_msr amd_atl intel_rapl_common edac_mce_amd kvm_amd binfmt_misc snd_soc_dmic snd_ps_pdm_dma snd_soc_ps_mach snd_sof_amd_acp70 qrtr_mhi snd_sof_amd_acp63 cdc_mbim cdc_wdm snd_sof_amd_vangogh kvm snd_sof_amd_rembrandt cdc_ncm cdc_ether snd_sof_amd_renoir snd_sof_amd_acp usbnet nls_iso8859_1 spd5118 snd_sof_pci irqbypass btusb snd_sof_xtensa_dsp btmtk snd_sof rapl snd_sof_utils btrtl btbcm amdgpu think_lmi snd_pci_ps btintel uvcvideo snd_soc_acpi_amd_match videobuf2_vmalloc snd_soc_acpi_amd_sdca_quirks snd_amd_sdw_acpi soundwire_amd r8152 snd_hda_codec_alc269 uvc firmware_attributes_class mii wmi_bmof soundwire_generic_allocation snd_hda_codec_realtek_lib videobuf2_memops soundwire_bus qrtr bluetooth snd_hda_scodec_component videobuf2_v4l2 snd_hda_codec_generic snd_soc_sdca videobuf2_common
Jul 31 10:13:16 amo kernel:  videodev snd_soc_core amdxdna ath11k_pci snd_ctl_led mc snd_hda_codec_atihdmi amd_pmf ath11k snd_compress snd_hda_codec_hdmi amdtee qmi_helpers ac97_bus amdxcp snd_pcm_dmaengine amd_sfh thinkpad_acpi snd_rpl_pci_acp6x tee drm_panel_backlight_quirks snd_acp_pci drm_buddy snd_hda_intel drm_ttm_helper snd_amd_acpi_mach gpu_sched nvram mac80211 ttm snd_acp_legacy_common snd_hda_codec drm_exec drm_suballoc_helper snd_pci_acp6x snd_hda_core snd_pci_acp5x cfg80211 snd_intel_dspcfg drm_display_helper snd_rn_pci_acp3x i2c_piix4 snd_acp_config snd_intel_sdw_acpi cec snd_hwdep mhi libarc4 snd_soc_acpi snd_pcm i2c_smbus rc_core i2c_algo_bit amd_pmc k10temp snd_timer snd_pci_acp3x joydev input_leds mac_hid sch_fq_codel efi_pstore nfnetlink usbhid ucsi_acpi typec_ucsi typec snd hid_multitouch soundcore hid_generic nvme platform_profile ghash_clmulni_intel psmouse sparse_keymap nvme_core i2c_hid_acpi video nvme_keyring ccp i2c_hid thunderbolt nvme_auth hid hkdf wmi serio_raw lp ppdev msr parport dmi_sysfs autofs4
Jul 31 10:13:16 amo kernel:  aesni_intel
Jul 31 10:13:16 amo kernel: CPU: 8 UID: 0 PID: 100574 Comm: kworker/8:0 Tainted: G        W           7.0.0-28-generic #28-Ubuntu PREEMPT(lazy) 
Jul 31 10:13:16 amo kernel: Tainted: [W]=WARN
Jul 31 10:13:16 amo kernel: Hardware name: LENOVO 21F8CTO1WW/21F8CTO1WW, BIOS R2EET43W (1.24 ) 01/21/2025
Jul 31 10:13:16 amo kernel: Workqueue: events drm_fb_helper_damage_work
Jul 31 10:13:16 amo kernel: RIP: 0010:amdgpu_dm_commit_planes+0x10c3/0x1620 [amdgpu]
Jul 31 10:13:16 amo kernel: Code: e8 c2 47 ff ff 4c 8b 9d 78 ff ff ff e9 c2 f9 ff ff 31 c9 48 85 d2 0f 85 cb fe ff ff e9 bf f8 ff ff 0f 0b 0f 0b e9 f7 fe ff ff <0f> 0b e9 0f ff ff ff 48 8b 45 88 be 01 00 00 00 4c 89 9d 30 ff ff
Jul 31 10:13:16 amo kernel: RSP: 0018:ffffd4dc0a7c7940 EFLAGS: 00010082
Jul 31 10:13:16 amo kernel: RAX: 0000000000000001 RBX: 0000000000000246 RCX: 0000000000000000
Jul 31 10:13:16 amo kernel: RDX: 0000000000000000 RSI: 0000000000000000 RDI: 0000000000000000
Jul 31 10:13:16 amo kernel: RBP: ffffd4dc0a7c7a40 R08: 0000000000000000 R09: 0000000000000002
Jul 31 10:13:16 amo kernel: R10: 0000000000000000 R11: 0000000000000000 R12: ffff8e23b8345a88
Jul 31 10:13:16 amo kernel: R13: 0000000000000000 R14: ffff8e23b6d33000 R15: ffff8e23a8371200
Jul 31 10:13:16 amo kernel: FS:  0000000000000000(0000) GS:ffff8e2aff9ff000(0000) knlGS:0000000000000000
Jul 31 10:13:16 amo kernel: CS:  0010 DS: 0000 ES: 0000 CR0: 0000000080050033
Jul 31 10:13:16 amo kernel: CR2: 00007edad9cd6ce8 CR3: 0000000102e44000 CR4: 0000000000f50ef0
Jul 31 10:13:16 amo kernel: PKRU: 55555554
Jul 31 10:13:16 amo kernel: Call Trace:
Jul 31 10:13:16 amo kernel:  <TASK>
Jul 31 10:13:16 amo kernel:  ? __entry_text_end+0x10253a/0x10253d
Jul 31 10:13:16 amo kernel:  amdgpu_dm_atomic_commit_tail+0x7c2/0xdf0 [amdgpu]
Jul 31 10:13:16 amo kernel:  ? srso_alias_return_thunk+0x5/0xfbef5
Jul 31 10:13:16 amo kernel:  ? dev_printk_emit+0x5d/0x8b
Jul 31 10:13:16 amo kernel:  ? srso_alias_return_thunk+0x5/0xfbef5
Jul 31 10:13:16 amo kernel:  ? __dev_printk+0x52/0x80
Jul 31 10:13:16 amo kernel:  ? srso_alias_return_thunk+0x5/0xfbef5
Jul 31 10:13:16 amo kernel:  ? _dev_err+0x7b/0xab
Jul 31 10:13:16 amo kernel:  commit_tail+0xc3/0x1b0
Jul 31 10:13:16 amo kernel:  ? srso_alias_return_thunk+0x5/0xfbef5
Jul 31 10:13:16 amo kernel:  ? drm_atomic_helper_swap_state+0x34b/0x410
Jul 31 10:13:16 amo kernel:  drm_atomic_helper_commit+0x153/0x190
Jul 31 10:13:16 amo kernel:  drm_atomic_commit+0xad/0xf0
Jul 31 10:13:16 amo kernel:  ? __pfx___drm_printfn_info+0x10/0x10
Jul 31 10:13:16 amo kernel:  drm_atomic_helper_dirtyfb+0x1d6/0x2c0
Jul 31 10:13:16 amo kernel:  amdgpu_dirtyfb+0x13/0x40 [amdgpu]
Jul 31 10:13:16 amo kernel:  drm_fbdev_ttm_helper_fb_dirty+0x166/0x1a4 [drm_ttm_helper]
Jul 31 10:13:16 amo kernel:  drm_fb_helper_damage_work+0xf2/0x1a0
Jul 31 10:13:16 amo kernel:  process_one_work+0x1ac/0x3d0
Jul 31 10:13:16 amo kernel:  worker_thread+0x1b8/0x360
Jul 31 10:13:16 amo kernel:  ? _raw_spin_lock_irqsave+0xe/0x20
Jul 31 10:13:16 amo kernel:  ? srso_alias_return_thunk+0x5/0xfbef5
Jul 31 10:13:16 amo kernel:  ? __pfx_worker_thread+0x10/0x10
Jul 31 10:13:16 amo kernel:  kthread+0xf7/0x130
Jul 31 10:13:16 amo kernel:  ? __pfx_kthread+0x10/0x10
Jul 31 10:13:16 amo kernel:  ret_from_fork+0x195/0x2a0
Jul 31 10:13:16 amo kernel:  ? __pfx_kthread+0x10/0x10
Jul 31 10:13:16 amo kernel:  ? __pfx_kthread+0x10/0x10
Jul 31 10:13:16 amo kernel:  ret_from_fork_asm+0x1a/0x30
Jul 31 10:13:16 amo kernel:  </TASK>
Jul 31 10:13:16 amo kernel: ---[ end trace 0000000000000000 ]---
Jul 31 10:13:16 amo kernel: amdgpu 0000:c3:00.0: [drm] *ERROR* Error queueing DMUB command: status=2
Jul 31 10:13:16 amo kernel: amdgpu 0000:c3:00.0: [drm] *ERROR* dc_dmub_srv_log_diagnostic_data: DMCUB error - collecting diagnostic data
Jul 31 10:13:16 amo kernel: sysrq: Emergency Sync
Jul 31 10:13:16 amo kernel: Emergency Sync complete
Jul 31 10:13:16 amo kernel: amdgpu 0000:c3:00.0: [drm] *ERROR* Error queueing DMUB command: status=2
Jul 31 10:13:16 amo kernel: amdgpu 0000:c3:00.0: [drm] *ERROR* dc_dmub_srv_log_diagnostic_data: DMCUB error - collecting diagnostic data
Jul 31 10:13:17 amo kernel: amdgpu 0000:c3:00.0: [drm] *ERROR* Error queueing DMUB command: status=2
Jul 31 10:13:17 amo kernel: amdgpu 0000:c3:00.0: [drm] *ERROR* dc_dmub_srv_log_diagnostic_data: DMCUB error - collecting diagnostic data
Jul 31 10:13:17 amo kernel: amdgpu 0000:c3:00.0: [drm] *ERROR* Error queueing DMUB command: status=2
Jul 31 10:13:17 amo kernel: amdgpu 0000:c3:00.0: [drm] *ERROR* dc_dmub_srv_log_diagnostic_data: DMCUB error - collecting diagnostic data
Jul 31 10:13:17 amo kernel: amdgpu 0000:c3:00.0: [drm] *ERROR* Error queueing DMUB command: status=2
Jul 31 10:13:17 amo kernel: amdgpu 0000:c3:00.0: [drm] *ERROR* dc_dmub_srv_log_diagnostic_data: DMCUB error - collecting diagnostic data
Jul 31 10:13:18 amo kernel: amdgpu 0000:c3:00.0: [drm] *ERROR* Error queueing DMUB command: status=2
Jul 31 10:13:18 amo kernel: amdgpu 0000:c3:00.0: [drm] *ERROR* dc_dmub_srv_log_diagnostic_data: DMCUB error - collecting diagnostic data
Jul 31 10:13:18 amo kernel: amdgpu 0000:c3:00.0: [drm] *ERROR* Error queueing DMUB command: status=2
Jul 31 10:13:18 amo kernel: amdgpu 0000:c3:00.0: [drm] *ERROR* dc_dmub_srv_log_diagnostic_data: DMCUB error - collecting diagnostic data
Jul 31 10:13:18 amo kernel: amdgpu 0000:c3:00.0: [drm] *ERROR* Error queueing DMUB command: status=2
Jul 31 10:13:18 amo kernel: amdgpu 0000:c3:00.0: [drm] *ERROR* dc_dmub_srv_log_diagnostic_data: DMCUB error - collecting diagnostic data
Jul 31 10:13:18 amo kernel: sysrq: Emergency Remount R/O
